Next.js Build
═══════════════════════════════════════
Time: 2.1s | Errors: 1 | Warnings: 2
